// Vitest Snapshot v1, https://vitest.dev/guide/snapshot.html

exports[`executerCampagne — mélange représentatif > 30 jours, graine 42, snapshot stable 1`] = `
{
  "blesses_au_centre": {
    "maximum": 11,
    "minimum": 4,
    "moyenne": 6.833333333333333,
  },
  "blesses_au_centre_serie": [
    5,
    11,
    11,
    10,
    6,
    4,
    8,
    6,
    4,
    6,
    4,
    7,
  ],
  "blessures_totales": {
    "grave": 22,
    "legere": 15,
    "serieuse": 7,
  },
  "couverture": {
    "jours_sous_1": 0,
    "minimum": 1.7142857142857142,
    "moyenne": 3.4309523809523816,
  },
  "doctrines_actives": [
    "ecorcheurs",
    "rouleau",
    "serpent",
  ],
  "equipements_detruits": 0,
  "jour_chute": 12,
  "lieux_tenus_fin_acte": {
    "acte_1": 2,
    "acte_2": 1,
    "acte_3": 1,
  },
  "premier_choix": [
    {
      "doctrine": "ecorcheurs",
      "obtenus": 6,
      "taux": 0.5454545454545454,
      "tours": 11,
    },
    {
      "doctrine": "rouleau",
      "obtenus": 6,
      "taux": 0.5454545454545454,
      "tours": 11,
    },
    {
      "doctrine": "serpent",
      "obtenus": 4,
      "taux": 0.36363636363636365,
      "tours": 11,
    },
  ],
  "resultat": "tombee",
  "usure_consommee": 116,
}
`;
