// Vitest Snapshot v1, https://vitest.dev/guide/snapshot.html

exports[`executerCampagne — mélange représentatif > 30 jours, graine 42, snapshot stable 1`] = `
{
  "blesses_au_centre": {
    "maximum": 4,
    "minimum": 0,
    "moyenne": 1.6333333333333333,
  },
  "blesses_au_centre_serie": [
    0,
    0,
    3,
    4,
    4,
    2,
    3,
    3,
    2,
    4,
    3,
    3,
    4,
    0,
    3,
    0,
    0,
    4,
    0,
    0,
    0,
    0,
    0,
    0,
    0,
    0,
    3,
    0,
    0,
    4,
  ],
  "blessures_totales": {
    "grave": 49,
    "legere": 0,
    "serieuse": 6,
  },
  "doctrines_actives": [
    "ecorcheurs",
    "rouleau",
    "serpent",
  ],
  "equipements_detruits": 13,
  "jour_chute": 30,
  "lieux_tenus_fin_acte": {
    "acte_1": 10,
    "acte_2": 2,
    "acte_3": 1,
  },
  "premier_choix": [
    {
      "doctrine": "ecorcheurs",
      "obtenus": 13,
      "taux": 0.48148148148148145,
      "tours": 27,
    },
    {
      "doctrine": "rouleau",
      "obtenus": 11,
      "taux": 0.4074074074074074,
      "tours": 27,
    },
    {
      "doctrine": "serpent",
      "obtenus": 9,
      "taux": 0.3333333333333333,
      "tours": 27,
    },
  ],
  "resultat": "tombee",
  "usure_consommee": 202,
}
`;
